North-South
96 64
GGGGGGGGGGGGGGGGGGGGGGGGGGGGGGGGGGGGGGGGGGGGGGGGGGGGGGGGGGGGGGGGGGGGGGGGGGGGGGGGGGGGGGGGGGGGGGGGGG
GFFFFFFFFFFFFFFFFFFFFFFFFFFFFFFFFFFFFFFFFFFFFFFFFFFFFFFFFFFFFFFFFFFFFFFFFFFFFFFFFFFFFFFFFFFFFFFFFG
GFFFFFFFFFFFFFFFFFFFFFFFFFFFFFFFFFFFFFFFFFFFFFFFFFFFFFFFFFFFFFFFFFFFFFFFFFFFFFFFFFFFFFFFFFFFFFFFFG
GFFFFFFFFFFFFFFFFFFFFFFFFFFFFFFFFFFFFFFFFFFFFFFFFFFFFFFFFFFFFFFFFFFFFFFFFFFFFFFFFFFFFFFFFFFFFFFFFG
GFFFFFFFFFFFFFFFFFFFFFFFFFFFFFFFFFFFFFFFFFFFFFFFFFFFFFFFFFFFFFFFFFFFFFFFFFFFFFFFFFFFFFFFFFFFFFFFFG
GGGGGGGGGGGGGGGGGGFFFFFFFGGGGGGGGGGGGGGGGGGGGGGGGFFFFFFFFFGGGGGGGGGGGGGGGGGGFFFFFFFFGGGGGGGGGGGDRR
GGGGGGGGGGGGGGGGGGGGGFFFGGGGGGGGGGGGGGGGGGGGGGGGGGGFFFFGGGGGGGGGGGGGGGGGGGGGFFFFGGGGGGGGGGGGGGGDRR
GGGGGGGGGGGGGGGGGGGGGFFFGGGGGGGGGGGGGGGGGGGGGGGGGGGGFFFGGGGGGGGGGGGGGGGGGGFFFFGGGGGGGGGGGGGGGGGDRR
GGGGGGGGGGGGGGGGGGGGGGGGGGGGGGGGGGGGGGGGGGGGGGGGGGGGGGGGGGGGGGGGGGGGGGGGGGFFFFGGGGGGGGGGGGGGGGGDRR
GGGGGGGGGGGGGGGGGGGGGGGGGGGGGGGGGGRRRRGGGGGGGGGGGGGGGGGGGGGGGGGGGGGGGGGGGGGDDDDDDGGGGGGGGGGGGGGDRR
GGGGGGGGGGGGGGGGGGGGGGGGGGGGGGGGGRRRRGGGGGGGGGGGGGGGFFFFGGGGGGGGGGGGGGGGGDDDRRRDDGGGGGGGGGGGGGGDRR
GGGGGGGGGGGGGGGGGGGGGGGGGGGGGGGGRRRGGGGGGGGGGGGGGGGFFFFFGGGGGGGGGGGGGGGGGGDDDRRRRDDGGGGGGGGGGGGDRR
GGGGGGGGGGGGGGGGGGGGGGGGGGGGGGGGRRRGGGGGGGGGGGGGGGGGFFFFFGGGGGGGGGGGGGGGGGGGDDRRRRDDGGGGGGGGGGGDRR
GGGGGGGGGGGGGGGGGGGGGGGGGGGGGGGGGRRRGGGGGGGGGGGGGGGGGFFFFFGGGGGGGGGGGGGGGGGGGDDRRRRDDGGGGGGGGGGDRR
GGGGGGGGGGGGGGGGGGGGGGGGGGGGGGGGGGGGGGGGGGGGGGGGGGGGGGFFFFGGGGGGGGGGGGGGGGGGGGDDRRRRDDGGGGGGGGDDRR
GGGGGGGGGGGGGGGGGGGGGGGGGGGGRRRGGGGGGGGGGGGGGGGGGGGGGGFFFGGGGGGGGGGGGGGGGGGGGGGDDRRRRDDGGGGGGGDRRR
GGGGGGGGGGGGGGGGGGGGGGGGGGGRRRRRRGGGGGGGGGGGGGGGGGGGFFFFFGGGGGGGGGGGGGGGGGGGGGGGDDRRRRDDDDDDDRRRRR
GGGGGGGGGGGGGGGGGGGGGGGGGGRRRRRRRGGGGGGGGGGGGGGGGGGGGGGGGGGGGGGGGGGGGGGGGGGGGGGGDDDDRRRRRRRRRRRRRR
GGGGGGGGGGGGGGGGGGGGGGGGGRRRRRRRGGGGGGGGGGGGGGGGRRRRRRRRRGGGGGGGGGGGGGGGGGGGGGGRRDDDDRRRRRRRRRRRRR
GGGGGGGGGGGGGGGGGGGGGGGGGRRRRRRRGGGGGGGGGGGGGGRRRRRRRRRRRGGGGGGGGGGGGGGGGGGGGGGRRRDDDDRRRRRRRRRRRR
GGGGGGGGGGGGGGGGGGGGGGGGRRRRRRRRRGGGGGGGGGGGGRRRRRRRRRRRRRGGGGGGGGGGGGGGGGGGGGGRRRRDDDDDRRRRRRRRRR
RRRRRRRRRRRRRRRRRRRRRRRRRRRRRRRRRRRRRRRRRRRRRRRRRRRRRRRRRRRRRRRRRRRRRRRRRRRRRRRRRRRDDDDDRRRRRRRRRR
RRRRRRRRRRRRRRRRRRRRRRRRRRRRRRRRRRRRRRRRRRRRRRRRRRRRRRRRRRRRRRRRRRRRRRRRRRRRRRRRRRDDDDDRRRRRRRRRRR
RRRRRRRRRRRRRRRRRRRRRRRRRRRRRRRRRRRRRRRRRRRRRRRRRRRRRRRRRRRRRRRRRRRRRRRRRRRRRRRRRDDDDDRRRRRRRRRRRR
RRRRRRRRRRRRRRRRRRRRRRRRRRRRRRRRRRRRRRRRRRRRRRRRRRRRRRRRRRRRRRRRRRRRRRRRRRRRRRRRDDDDDRRRRRRRRRRRRR
RRRRRRRRRRRRRRRRRRRRRRRRRRRRRRRRRRRRRRRRRRRRRRRRRRRRRRRRRRRRRRRRRRRRRRRRRRRRRRRDDDDDRRRRRRRRRRRRRR
RRRRRRRRRRRRRRRRRRRRRRRRRRRRRRRRRRRRRRRRRRRRRRRRRRRRRRRRRRRRRRRRRRRRRRRRRRRRRRDDDDDRRRRRRRRRRRRRRR
RRRRRRRRRRRRRRRRRRRRRRRRRRRRRRRRRRRRRRRRRRRRRRRRDDRRRRRRRRRRRRRRRRRRRRRRRRRRRDDDDDRRRRRRRRRRRRRRRR
RRRRRRRRRRRRRRRRRRRRRRRRRRRRRRRRRRRRRRRRRRRRRRRDDDDRRRRRRRRRRRRRRRRRRRRRRRRRDDDDDRRRRRRRRRRRRRRRRR
RRRRRRRRRRRRRRRRRRRRRRRRRRRRRRRRRRRRRRRRRRRRRRDDDDDDRRRRRRRRRRRRRRRRRRRRRRRDDDDDRRRRRRRRRRRRRRRRRR
RRRRRRRRRRRRRRRRRRRRRDDDDDDRRRRRRRRRRRRRRRRRRDDDDDDDDRRRRRRRRRRRRRRRRRRRDDDDDDDRRRRRRRRRRRRRRRRRRR
RRRRRRRRRRRRRRRRRRRRDDDDDDDDDDDDDDDDDDDDDDDDDDDDDDDDDDDDDDDDDDDDDDDDDDDDDDDDDDRRRRRRRRRRRRRRRRRRRR
RRRRRRRRRRRRRRRRRRRRDDDDDDDDDDDDDDDDDDDDDDDDDDDDDDDDDDDDDDDDDDDDDDDDDDDDDDDDDDRRRRRRRRRRRRRRRRRRRR
RRRRRRRRRRRRRRRRRRRRDDDDDDDDDDDDDDDDDDDDDDDDDDDDDDDDDDDDDDDDDDDDDDDDDDDDDDDDDDRRRRRRRRRRRRRRRRRRRR
RRRRRRRRRRRRRRRRRRRRDDDDDDDDDDDDDDDDDDDDDDDDDDDDDDDDDDDDDDDDDDDDDDDDDDDDDDDDDDRRRRRRRRRRRRRRRRRRRR
RRRRRRRRRRRRRRRRRRRDDDDDDDRRRRRRRRRRRRRRRRRRRDDDDDDDDRRRRRRRRRRRRRRRRRRDDDDDDRRRRRRRRRRRRRRRRRRRRR
RRRRRRRRRRRRRRRRRRDDDDDRRRRRRRRRRRRRRRRRRRRRRRDDDDDDRRRRRRRRRRRRRRRRRRRRRRRRRRRRRRRRRRRRRRRRRRRRRR
RRRRRRRRRRRRRRRRRDDDDDRRRRRRRRRRRRRRRRRRRRRRRRRDDDDRRRRRRRRRRRRRRRRRRRRRRRRRRRRRRRRRRRRRRRRRRRRRRR
RRRRRRRRRRRRRRRRDDDDDRRRRRRRRRRRRRRRRRRRRRRRRRRRDDRRRRRRRRRRRRRRRRRRRRRRRRRRRRRRRRRRRRRRRRRRRRRRRR
RRRRRRRRRRRRRRRDDDDDRRRRRRRRRRRRRRRRRRRRRRRRRRRRRRRRRRRRRRRRRRRRRRRRRRRRRRRRRRRRRRRRRRRRRRRRRRRRRR
RRRRRRRRRRRRRRDDDDDRRRRRRRRRRRRRRRRRRRRRRRRRRRRRRRRRRRRRRRRRRRRRRRRRRRRRRRRRRRRRRRRRRRRRRRRRRRRRRR
RRRRRRRRRRRRRDDDDDRRRRRRRRRRRRRRRRRRRRRRRRRRRRRRRRRRRRRRRRRRRRRRRRRRRRRRRRRRRRRRRRRRRRRRRRRRRRRRRR
RRRRRRRRRRRRDDDDDRRRRRRRRRRRRRRRRRRRRRRRRRRRRRRRRRRRRRRRRRRRRRRRRRRRRRRRRRRRRRRRRRRRRRRRRRRRRRRRRR
RRRRRRRRRRRDDDDDRRRRRRRRRRRRRRRRRRRRRRRRRRRRRRRRRRRRRRRRRRRRRRRRRRRRRRRRRRRRRRRRRRRRRRRRRRRRRRRRRR
RRRRRRRRRRRDDDDRRRRRRRRRRRRRRRRRRRRRRRRRRRRRRRRRRRRRRRRRRRRRRRRRRRRRRRRRRRRRRRRRRRRRRRRRRRRRRRRRRR
RRRRRRRRRRRDDDDRRRRGGGGGGGGGGGGGGGGGGGGGGRRRRRRRRRRRRRGGGGGGGGGGGGGGGRRRRRRRRRGGGGGGGGGGGGGGGGGGGG
RRRRRRRRRRRRDDDDRRRGGGGGGGGGGGGGGGGGGGGGGGRRRRRRRRRRRGGGGGGGGGGGGGGGGGRRRRRRRGGGGGGGGGGGGGGGGGGGGG
RRRRRRRRRRRRRDDDDRRGGGGGGGGGGGGGGGGGGGGGGGGGRRRRRRRRRGGGGGGGGGGGGGGGGGRRRRRRRGGGGGGGGGGGGGGGGGGGGG
RRRRRRRRRRRRRRDDDDGGGGGGGGGGGGGGGGGGGGGGGGGGGGGGGGGGGGGGGGGGGGGGGGGGGRRRRRRRGGGGGGGGGGGGGGGGGGGGGG
RRRRRDDDDDDDRRRRDDGGGGGGGGGGGGGGGGGGGGGGGGGGGGGGFFFFFGGGGGGGGGGGGGGGGRRRRRRGGGGGGGGGGGGGGGGGGGGGGG
RRRDDGGGGGGDDRRRRDDGGGGGGGGGGGGGGGGGGGGGGGGGGGGGGGFFFGGGGGGGGGGGGGGGGGGRRRGGGGGGGGGGGGGGGGGGGGGGGG
RRDDGGGGGGGGDDRRRRDDGGGGGGGGGGGGGGGGGGGGGGGGGGGGGGFFFFGGGGGGGGGGGGGGGGGGGGGGGGGGGGGGGGGGGGGGGGGGGG
RRDGGGGGGGGGGDDRRRRDDGGGGGGGGGGGGGGGGGGGGGGGGGGGGFFFFFGGGGGGGGGGGGRRRGGGGGGGGGGGGGGGGGGGGGGGGGGGGG
RRDGGGGGGGGGGGDDRRRRDDGGGGGGGGGGGGGGGGGGGGGGGGGGFFFFFGGGGGGGGGGGGRRRGGGGGGGGGGGGGGGGGGGGGGGGGGGGGG
RRDGGGGGGGGGGGGDDRRRRDDGGGGGGGGGGGGGGGGGGGGGGGGFFFFFGGGGGGGGGGGGGRRRGGGGGGGGGGGGGGGGGGGGGGGGGGGGGG
RRDGGGGGGGGGGGGGDDRRRRDDGGGGGGGGGGGGGGGGGGGGGGGGFFFFGGGGGGGGGGGRRRRGGGGGGGGGGGGGGGGGGGGGGGGGGGGGGG
RRDGGGGGGGGGGGGGGDDDDDGGGGGGGGGGGGGGGGGGGGGGGGGGGGGGGGGGGGGGGGRRRRGGGGGGGGGGGGGGGGGGGGGGGGGGGGGGGG
RRDGGGGGGGGGGGGGGGGFFFFGGGGGGGGGGGGGGGGGGGGGGGGGGGGGGGGGGGGGGGGGGGGGGGGGGGGGGGGGGGGGGGGGGGGGGGGGGG
RRDGGGGGGGGGGGGGGGGFFFFGGGGGGGGGGGGGGGGGGGGGGGGGFFFGGGGGGGGGGGGGGGGGGGGGGGFFFGGGGGGGGGGGGGGGGGGGGG
RRDGGGGGGGGGGGGGGGFFFFGGGGGGGGGGGGGGGGGGGGGGGGGFFFFGGGGGGGGGGGGGGGGGGGGGGGFFFGGGGGGGGGGGGGGGGGGGGG
RRDGGGGGGGGGGFFFFFFFFGGGGGGGGGGGGGGGGGGGGGGGGFFFFFFFFFGGGGGGGGGGGGGGGGGGGFFFFFFFGGGGGGGGGGGGGGGGGG
GFFFFFFFFFFFFFFFFFFFFFFFFFFFFFFFFFFFFFFFFFFFFFFFFFFFFFFFFFFFFFFFFFFFFFFFFFFFFFFFFFFFFFFFFFFFFFFFFG
GFFFFFFFFFFFFFFFFFFFFFFFFFFFFFFFFFFFFFFFFFFFFFFFFFFFFFFFFFFFFFFFFFFFFFFFFFFFFFFFFFFFFFFFFFFFFFFFFG
GFFFFFFFFFFFFFFFFFFFFFFFFFFFFFFFFFFFFFFFFFFFFFFFFFFFFFFFFFFFFFFFFFFFFFFFFFFFFFFFFFFFFFFFFFFFFFFFFG
GFFFFFFFFFFFFFFFFFFFFFFFFFFFFFFFFFFFFFFFFFFFFFFFFFFFFFFFFFFFFFFFFFFFFFFFFFFFFFFFFFFFFFFFFFFFFFFFFG
GGGGGGGGGGGGGGGGGGGGGGGGGGGGGGGGGGGGGGGGGGGGGGGGGGGGGGGGGGGGGGGGGGGGGGGGGGGGGGGGGGGGGGGGGGGGGGGGGG
2
0 30000 500                                    
1 10000 10000
2 1000 0
4
GoldMine 0 1 12 
GoldMine 0 92 49 
Peasant 1 93 59
Peasant 2 94 59    

