Maze
96 64
GGGGGGGGGGGGGGGGGGGGGGGGGGGGGGGGGGGGGGGGGGGGGGGGGGGGGGGGGGGGGGGGGGGGGGGGGGGGGGGGGGGGGGGGGGGGGGGGGG
GFFFFFFFFFFFFFFFFFFFFFFFFFFFFFFFFFFFFFFFFFFFFFFFFFFFFFFFFFFFFFFFFFFFFFFFFFFFFFFFFFFFFFFFFFFFFFFFFG
GFFFFFFFFFFFFFFFFFFFFFFFFFFFFFFFFFFFFFFFFFFFFFFFFFFFFFFFFFFFFFFFFFFFFFFFFFFFFFFFFFFFFFFFFFFFFFFFFG
GFFFFFFFFFFFFFFFFFFFFFFFFFFFFFFFFFFFFFFFFFFFFFFFFFFFFFFFFFFFFFFFFFFFFFFFFFFFFFFFFFFFFFFFFFFFFFFFFG
GFFFFFFFFFFFFFFFFFFFFFFFFFFFFFFFFFFFFFFFFFFFFFFFFFFFFFFFFFFFFFFFFFFFFFFFFFFFFFFFFFFFFFFFFFFFFFFFFG
GGGGGGGGGGGGGGGGGGFFFFFFFGGGGGGGGGGGGGGGGGGGGGGGGFFFFFFFFFGGGGGGGGGGGGGGGGGGFFFFFFFFGGGGGGGGGGGDRR
GGGGGGWWWWWWWWWWWGGGGGGGGGGGGGGGGGGGGGGGGGGGGGGGGGGFFFFGGGGGGGGGGGGGGGGGGGGGFFFFGGGGGGGGGGGGGGGDRR
GGGGGGWGGGGGGGGGWGGGGGGGGGGGGGGGGGGGGGGGGGGGGGGGGGGGFFFGGGGGGGGGGGGGGGGGGGFFFFGGGGGGGGGGGGGGGGGDRR
GGGGGGWGGGGGGGGGWGGGGGGGGGGGGGGGGGGGGGGGGGGGGGGGGGGGGGGGGGGGGGGGGGGGGGGGGGFFFFGGGGGGGGGGGGGGGGGDRR
GGGGGGWGGWWWWWGGWGGGGGGGGGGGGGGGGGRRRRGGGGGGGGGGGGGGGGGGGGGGGGGGGGGGGGGGGGGDDDDDDGGGGGGGGGGGGGGDRR
GGGGGGWGGWGGGWGGWGGGGGGGGGGGGGGGGRRRRGGGGGGGGGGGGGGGFFFFGGGGGGGGGGGGGGGGGDDDRRRDDGGGGGGGGGGGGGGDRR
GGGGGGWGGWGGGWGGWGGGGGGGGGGGGGGGRRRGGGGGGGGGGGGGGGGFFFFFGGGGGGGGGGGGGGGGGGDDDRRRRDDGGGGGGGGGGGGDRR
GGGGGGWGGWGGGWGGWGGGGGGGGGGGGGGGRRRGGGGGGGGGGGGGGGGGFFFFFGGGGGGGGGGGGGGGGGGGDDRRRRDDGGGGGGGGGGGDRR
GGGGGGWGGGGGGWGGWGGGGGGGGGGGGGGGGRRRGGGGGGGGGGGGGGGGGFFFFFGGGGGGGGGGGGGGGGGGGDDRRRRDDGGGGGGGGGGDRR
GGGGGGWGGGGGGWGGWGGGGGGGGGGGGGGGGGGGGGGGGGGGGGGGGGGGGGFFFFGGGGGGGGGGGGGGGGGGGGDDRRRRDDGGGGGGGGDDRR
GGGGGGWWWWWWWWGGWGGGGGGGGGGGRRRGGGGGGGGGGGGGGGGGGGGGGGFFFGGGGGGGGGGGGGGGGGGGGGGDDRRRRDDGGGGGGGDRRR
GGGGGGGGGGGGGGGGWGGGGGGGGGGRRRRRRGGGGGGGGGGGGGGGGGGGFFFFFGGGGGGGGGGGGGGGGGGGGGGGDDRRRRDDDDDDDRRRRR
GGGGGGGGGGGGGGGGWGGGGGGGGGRRRRRRRGGGGGGGGGGGGGGGGGGGGGGGGGGGGGGGGGGGGGGGGGGGGGGGDDDDRRRRRRRRRRRRRR
GGGGGGGGGGGGGGGGGGGGGGGGGRRRRRRRGGGGGGGGGGGGGGGGRRRRRRRRRGGGGGGGGGGGGGGGGGGGGGGRRDDDDRRRRRRRRRRRRR
GGGGGGGGGGGGGGGGGGGGGGGGGRRRRRRRGGGGGGGGGGGGGGRRRRRRRRRRRGGGGGGGGGGGGGGGGGGGGGGRRRDDDDRRRRRRRRRRRR
GGGGGGGGGGGGGGGGGGGGGGGGRRRRRRRRRGGGGGGGGGGGGRRRRRRRRRRRRRGGGGGGGGGGGGGGGGGGGGGRRRRDDDDDRRRRRRRRRR
RRRRRRRRRRRRRRRRRRRRRRRRRRRRRRRRRRRRRRRRRRRRRRRRRRRRRRRRRRRRRRRRRRRRRRRRRRRRRRRRRRRDDDDDRRRRRRRRRR
RRRRRRRRRRRRRRRRRRRRRRRRRRRRRRRRRRRRRRRRRRRRRRRRRRRRRRRRRRRRRRRRRRRRRRRRRRRRRRRRRRDDDDDRRRRRRRRRRR
RRRRRRRRRRRRRRRRRRRRRRRRRRRRRRRRRRRRRRRRRRRRRRRRRRRRRRRRRRRRRRRRRRRRRRRRRRRRRRRRRDDDDDRRRRRRRRRRRR
RRRRRRRRRRRRRRRRRRRRRRRRRRRRRRRRRRRRRRRRRRRRRRRRRRRRRRRRRRRRRRRRRRRRRRRRRRRRRRRRDDDDDRRRRRRRRRRRRR
RRRRRRRRRRRRRRRRRRRRRRRRRRRRRRRRRRRRRRRRRRRRRRRRRRRRRRRRRRRRRRRRRRRRRRRRRRRRRRRDDDDDRRRRRRRRRRRRRR
RRRRRRRRRRRRRRRRRRRRRRRRRRRRRRRRRRRRRRRRRRRRRRRRRRRRRRRRRRRRRRRRRRRRRRRRRRRRRRDDDDDRRRRRRRRRRRRRRR
RRRRRRRRRRRRRRRRRRRRRRRRRRRRRRRRRRRRRRRRRRRRRRRRDDRRRRRRRRRRRRRRRRRRRRRRRRRRRDDDDDRRRRRRRRRRRRRRRR
RRRRRRRRRRRRRRRRRRRRRRRRRRRRRRRRRRRRRRRRRRRRRRRDDDDRRRRRRRRRRRRRRRRRRRRRRRRRDDDDDRRRRRRRRRRRRRRRRR
RRRRRRRRRRRRRRRRRRRRRRRRRRRRRRRRRRRRRRRRRRRRRRDDDDDDRRRRRRRRRRRRRRRRRRRRRRRDDDDDRRRRRRRRRRRRRRRRRR
RRRRRRRRRRRRRRRRRRRRRDDDDDDRRRRRRRRRRRRRRRRRRDDDDDDDDRRRRRRRRRRRRRRRRRRRDDDDDDDRRRRRRRRRRRRRRRRRRR
RRRRRRRRRRRRRRRRRRRRDDDDDDDDDDDDDDDDDDDDDDDDDDDDDDDDDDDDDDDDDDDDDDDDDDDDDDDDDDRRRRRRRRRRRRRRRRRRRR
RRRRRRRRRRRRRRRRRRRRDDDDDDDDDDDDDDDDDDDDDDDDDDDDDDDDDDDDDDDDDDDDDDDDDDDDDDDDDDRRRRRRRRRRRRRRRRRRRR
RRRRRRRRRRRRRRRRRRRRDDDDDDDDDDDDDDDDDDDDDDDDDDDDDDDDDDDDDDDDDDDDDDDDDDDDDDDDDDRRRRRRRRRRRRRRRRRRRR
RRRRRRRRRRRRRRRRRRRRDDDDDDDDDDDDDDDDDDDDDDDDDDDDDDDDDDDDDDDDDDDDDDDDDDDDDDDDDDRRRRRRRRRRRRRRRRRRRR
RRRRRRRRRRRRRRRRRRRDDDDDDDRRRRRRRRRRRRRRRRRRRDDDDDDDDRRRRRRRRRRRRRRRRRRDDDDDDRRRRRRRRRRRRRRRRRRRRR
RRRRRRRRRRRRRRRRRRDDDDDRRRRRRRRRRRRRRRRRRRRRRRDDDDDDRRRRRRRRRRRRRRRRRRRRRRRRRRRRRRRRRRRRRRRRRRRRRR
RRRRRRRRRRRRRRRRRDDDDDRRRRRRRRRRRRRRRRRRRRRRRRRDDDDRRRRRRRRRRRRRRRRRRRRRRRRRRRRRRRRRRRRRRRRRRRRRRR
RRRRRRRRRRRRRRRRDDDDDRRRRRRRRRRRRRRRRRRRRRRRRRRRDDRRRRRRRRRRRRRRRRRRRRRRRRRRRRRRRRRRRRRRRRRRRRRRRR
RRRRRRRRRRRRRRRDDDDDRRRRRRRRRRRRRRRRRRRRRRRRRRRRRRRRRRRRRRRRRRRRRRRRRRRRRRRRRRRRRRRRRRRRRRRRRRRRRR
RRRRRRRRRRRRRRDDDDDRRRRRRRRRRRRRRRRRRRRRRRRRRRRRRRRRRRRRRRRRRRRRRRRRRRRRRRRRRRRRRRRRRRRRRRRRRRRRRR
RRRRRRRRRRRRRDDDDDRRRRRRRRRRRRRRRRRRRRRRRRRRRRRRRRRRRRRRRRRRRRRRRRRRRRRRRRRRRRRRRRRRRRRRRRRRRRRRRR
RRRRRRRRRRRRDDDDDRRRRRRRRRRRRRRRRRRRRRRRRRRRRRRRRRRRRRRRRRRRRRRRRRRRRRRRRRRRRRRRRRRRRRRRRRRRRRRRRR
RRRRRRRRRRRDDDDDRRRRRRRRRRRRRRRRRRRRRRRRRRRRRRRRRRRRRRRRRRRRRRRRRRRRRRRRRRRRRRRRRRRRRRRRRRRRRRRRRR
RRRRRRRRRRRDDDDRRRRRRRRRRRRRRRRRRRRRRRRRRRRRRRRRRRRRRRRRRRRRRRRRRRRRRRRRRRRRRRRRRRRRRRRRRRRRRRRRRR
RRRRRRRRRRDDDDDRRRRGGGGGGGGGGGGGGGGGGGGGGRRRRRRRRRRRRRGGGGGGGGGGGGGGGRRRRRRRRRGGGGGGGGGGGGGGGGGGGG
RRRRRRRRRRRRDDDDRRRGGGGGGGGGGGGGGGGGGGGGGGRRRRRRRRRRRGGGGGGGGGGGGGGGGGRRRRRRRGGGGGGGGGGGGGGGGGGGGG
RRRRRRRRRRRRRDDDDRRGGGGGGGGGGGGGGGGGGGGGGGGGRRRRRRRRRGGGGGGGGGGGGGGGGGRRRRRRRGGGGGGGGGGGGGGGGGGGGG
RRRRRRRRRRRRRRDDDDGGGGGGGGGGGGGGGGGGGGGGGGGGGGGGGGGGGGGGGGGGGGGGGGGGGRRRRRRRGGGGGGGGGGGGGGGGGGGGGG
RRRRRDDDDDDDRRRRDDGGGGGGGGGGGGGGGGGGGGGGGGGGGGGGFFFFFGGGGGGGGGGGGGGGGRRRRRRGGGGGGGGGGGGGGGGGGGGGGG
RRRDDGGGGGGDDRRRRDDGGGGGGGGGGGGGGGGGGGGGGGGGGGGGGGFFFGGGGGGGGGGGGGGGGGGRRRGGGGGGGGGGGGGGGGGGGGGGGG
RRDDGGGGGGGGDDRRRRDDGGGGGGGGGGGGGGGGGGGGGGGGGGGGGGFFFFGGGGGGGGGGGGGGGGGGGGGGGGGGGGGGGGGGGGGGGGGGGG
RRDGGGGGGGGGGDDRRRRDDGGGGGGGGGGGGGGGGGGGGGGGGGGGGFFFFFGGGGGGGGGGGGRRRGGGGGGGGGGGGGGGGGGGGGGGGGGGGG
RRDGGGGGGGGGGGDDRRRRDDGGGGGGGGGGGGGGGGGGGGGGGGGGFFFFFGGGGGGGGGGGGRRRGGGGGGGGGGGGGGGGGGGGGGGGGGGGGG
RRDGGGGGGGGGGGGDDRRRRDDGGGGGGGGGGGGGGGGGGGGGGGGFFFFFGGGGGGGGGGGGGRRRGGGGGGGGGGGGGGGGGGGGGGGGGGGGGG
RRDGGGGGGGGGGGGGDDRRRRDDGGGGGGGGGGGGGGGGGGGGGGGGFFFFGGGGGGGGGGGRRRRGGGGGGGGGGGGGGGGGGGGGGGGGGGGGGG
RRDGGGGGGGGGGGGGGDDDDDGGGGGGGGGGGGGGGGGGGGGGGGGGGGGGGGGGGGGGGGRRRRGGGGGGGGGGGGGGGGGGGGGGGGGGGGGGGG
RRDGGGGGGGGGGGGGGGGFFFFGGGGGGGGGGGGGGGGGGGGGGGGGGGGGGGGGGGGGGGGGGGGGGGGGGGGGGGGGGGGGGGGGGGGGGGGGGG
RRDGGGGGGGGGGGGGGGGFFFFGGGGGGGGGGGGGGGGGGGGGGGGGFFFGGGGGGGGGGGGGGGGGGGGGGGFFFGGGGGGGGGGGGGGGGGGGGG
RRDGGGGGGGGGGGGGGGFFFFGGGGGGGGGGGGGGGGGGGGGGGGGFFFFGGGGGGGGGGGGGGGGGGGGGGGFFFGGGGGGGGGGGGGGGGGGGGG
RRDGGGGGGGGGGFFFFFFFFGGGGGGGGGGGGGGGGGGGGGGGGFFFFFFFFFGGGGGGGGGGGGGGGGGGGFFFFFFFGGGGGGGGGGGGGGGGGG
GFFFFFFFFFFFFFFFFFFFFFFFFFFFFFFFFFFFFFFFFFFFFFFFFFFFFFFFFFFFFFFFFFFFFFFFFFFFFFFFFFFFFFFFFFFFFFFFFG
GFFFFFFFFFFFFFFFFFFFFFFFFFFFFFFFFFFFFFFFFFFFFFFFFFFFFFFFFFFFFFFFFFFFFFFFFFFFFFFFFFFFFFFFFFFFFFFFFG
GFFFFFFFFFFFFFFFFFFFFFFFFFFFFFFFFFFFFFFFFFFFFFFFFFFFFFFFFFFFFFFFFFFFFFFFFFFFFFFFFFFFFFFFFFFFFFFFFG
GFFFFFFFFFFFFFFFFFFFFFFFFFFFFFFFFFFFFFFFFFFFFFFFFFFFFFFFFFFFFFFFFFFFFFFFFFFFFFFFFFFFFFFFFFFFFFFFFG
GGGGGGGGGGGGGGGGGGGGGGGGGGGGGGGGGGGGGGGGGGGGGGGGGGGGGGGGGGGGGGGGGGGGGGGGGGGGGGGGGGGGGGGGGGGGGGGGGG
2
0 30000 500                                    
1 10000 10000
2 1000 0
4
GoldMine 0 3 49 
GoldMine 0 92 49 
Peasant 1 10 10
Peasant 2 94 59    

